// Jest Snapshot v1, https://goo.gl/fbAQLP

exports[`Topbar Component Snapshot should renders correctly 1`] = `
<div
  className="c-topbar"
>
  <span
    className="c-topbar__logo"
  >
    netflixroulette
  </span>
  <button
    className="btn c-topbar__back-button"
    onClick={[MockFunction]}
  >
     Search 
  </button>
</div>
`;
