// Jest Snapshot v1, https://goo.gl/fbAQLP

exports[`Movies Page Snapshot should render default page 1`] = `
<div
  className="c-page"
>
  <div
    className="c-page__header"
  >
    <div
      className="c-page__header-shadow"
    >
      <div
        className="p-2 container"
      >
        <Component
          onBackToList={[MockFunction]}
          showBackButton={false}
        />
        <ErrorBoundary
          errorMessage="Unfortunately, we can not show search panel"
          key="search-panel-wrapper"
        >
          <SearchPanel
            onChangeType={[MockFunction]}
            onInputChange={[MockFunction]}
            onSearchMovies={[MockFunction]}
            search=""
            searchType="title"
          />
        </ErrorBoundary>
      </div>
    </div>
  </div>
  <div
    className="c-page__status-bar"
  >
    <StatusBarPanel
      currentSortingOrder="asc"
      currentSortingType="rating"
      foundMovies={0}
      onChangeSortingOrder={[MockFunction]}
      onChangeSortingType={[MockFunction]}
    />
  </div>
  <div
    className="c-page__movies"
  >
    <ErrorBoundary
      errorMessage="Unfortunately, we cant show message"
      key="movies-empty-message-wrapper"
    >
      <Component />
    </ErrorBoundary>
  </div>
  <div
    className="c-page__footer"
  >
    <div
      className="p-2 container"
    >
      <Component />
    </div>
  </div>
</div>
`;
