// Jest Snapshot v1, https://goo.gl/fbAQLP

exports[`Search Panel Component Snapshot should renders correctly 1`] = `
<div
  className="c-page__header"
>
  <div
    className="c-page__header-shadow"
  >
    <div
      className="p-2 container"
    >
      <Component
        onBackToList={[Function]}
        showBackButton={false}
      />
      <ErrorBoundary
        errorMessage="Unfortunately, we can not show search panel"
        key="search-panel-wrapper"
      >
        <div
          className="c-search-panel"
        >
          <h2
            className="c-search-panel__title"
          >
            Find your movie
          </h2>
          <input
            className="c-search-panel__input"
            onChange={
              [MockFunction] {
                "calls": Array [
                  Array [
                    "",
                  ],
                ],
              }
            }
            placeholder="Find your movie"
            type="text"
            value=""
          />
          <div
            className="c-search-panel__controls-row"
          >
            <ToggleSwitcher
              buttonViewClass="c-search-panel__search-type-button--title"
              buttons={
                Array [
                  Object {
                    "label": "Title",
                    "value": "title",
                  },
                  Object {
                    "label": "Genres",
                    "value": "genres",
                  },
                ]
              }
              currentValue="title"
              name="search-type"
              onToggleChange={
                [MockFunction] {
                  "calls": Array [
                    Array [
                      "",
                    ],
                  ],
                }
              }
              title="Search by"
              type="radio"
            />
            <button
              className="c-search-panel__search-button"
              onClick={
                [MockFunction] {
                  "calls": Array [
                    Array [
                      "",
                    ],
                  ],
                }
              }
            >
              Search
            </button>
          </div>
        </div>
        ;
      </ErrorBoundary>
    </div>
  </div>
</div>
`;
