// Jest Snapshot v1, https://goo.gl/fbAQLP

exports[`Status Bar Panel Component Snapshot should renders correctly 1`] = `
<div
  className="c-status-bar p-2 container"
>
  <span
    className="c-status-bar__movies-quantity"
  >
    2
     movies found
  </span>
  <div
    className="c-status-bar__sorting-type"
  >
    <span
      className="c-status-bar__sort-type-title"
    >
      Sort by
    </span>
    <div
      className="c-status-bar__sort-type-buttons btn-group btn-group-toggle"
      data-toggle="buttons"
    >
      <label
        className="c-status-bar__sort-type-button c-status-bar__sort-type-button--release-date btn btn-link "
      >
        <input
          checked={false}
          name="sort-type"
          onChange={[Function]}
          type="radio"
          value="release-date"
        />
        Title
      </label>
      <label
        className="c-status-bar__sort-type-button c-status-bar__sort-type-button--rating btn "
      >
        <input
          checked={false}
          name="search-type"
          onChange={[Function]}
          type="radio"
          value="rating"
        />
        Genre
      </label>
    </div>
  </div>
</div>
`;
